Archive member included to satisfy reference by file (symbol)

D:/PROGRA~1/Compiler/ARM-GN~1.REL/bin/../lib/gcc/arm-none-eabi/13.3.1/thumb/v7e-m+fp/hard\libc_nano.a(libc_a-exit.o)
                              D:/PROGRA~1/Compiler/ARM-GN~1.REL/bin/../lib/gcc/arm-none-eabi/13.3.1/thumb/v7e-m+fp/hard/crt0.o (exit)
D:/PROGRA~1/Compiler/ARM-GN~1.REL/bin/../lib/gcc/arm-none-eabi/13.3.1/thumb/v7e-m+fp/hard\libc_nano.a(libc_a-findfp.o)
                              D:/PROGRA~1/Compiler/ARM-GN~1.REL/bin/../lib/gcc/arm-none-eabi/13.3.1/thumb/v7e-m+fp/hard\libc_nano.a(libc_a-exit.o) (__stdio_exit_handler)
D:/PROGRA~1/Compiler/ARM-GN~1.REL/bin/../lib/gcc/arm-none-eabi/13.3.1/thumb/v7e-m+fp/hard\libc_nano.a(libc_a-fwalk.o)
                              D:/PROGRA~1/Compiler/ARM-GN~1.REL/bin/../lib/gcc/arm-none-eabi/13.3.1/thumb/v7e-m+fp/hard\libc_nano.a(libc_a-findfp.o) (_fwalk_sglue)
D:/PROGRA~1/Compiler/ARM-GN~1.REL/bin/../lib/gcc/arm-none-eabi/13.3.1/thumb/v7e-m+fp/hard\libc_nano.a(libc_a-stdio.o)
                              D:/PROGRA~1/Compiler/ARM-GN~1.REL/bin/../lib/gcc/arm-none-eabi/13.3.1/thumb/v7e-m+fp/hard\libc_nano.a(libc_a-findfp.o) (__sread)
D:/PROGRA~1/Compiler/ARM-GN~1.REL/bin/../lib/gcc/arm-none-eabi/13.3.1/thumb/v7e-m+fp/hard\libc_nano.a(libc_a-memset.o)
                              D:/PROGRA~1/Compiler/ARM-GN~1.REL/bin/../lib/gcc/arm-none-eabi/13.3.1/thumb/v7e-m+fp/hard/crt0.o (memset)
D:/PROGRA~1/Compiler/ARM-GN~1.REL/bin/../lib/gcc/arm-none-eabi/13.3.1/thumb/v7e-m+fp/hard\libc_nano.a(libc_a-closer.o)
                              D:/PROGRA~1/Compiler/ARM-GN~1.REL/bin/../lib/gcc/arm-none-eabi/13.3.1/thumb/v7e-m+fp/hard\libc_nano.a(libc_a-stdio.o) (_close_r)
D:/PROGRA~1/Compiler/ARM-GN~1.REL/bin/../lib/gcc/arm-none-eabi/13.3.1/thumb/v7e-m+fp/hard\libc_nano.a(libc_a-reent.o)
                              D:/PROGRA~1/Compiler/ARM-GN~1.REL/bin/../lib/gcc/arm-none-eabi/13.3.1/thumb/v7e-m+fp/hard\libc_nano.a(libc_a-closer.o) (errno)
D:/PROGRA~1/Compiler/ARM-GN~1.REL/bin/../lib/gcc/arm-none-eabi/13.3.1/thumb/v7e-m+fp/hard\libc_nano.a(libc_a-impure.o)
                              D:/PROGRA~1/Compiler/ARM-GN~1.REL/bin/../lib/gcc/arm-none-eabi/13.3.1/thumb/v7e-m+fp/hard\libc_nano.a(libc_a-reent.o) (_impure_ptr)
D:/PROGRA~1/Compiler/ARM-GN~1.REL/bin/../lib/gcc/arm-none-eabi/13.3.1/thumb/v7e-m+fp/hard\libc_nano.a(libc_a-lseekr.o)
                              D:/PROGRA~1/Compiler/ARM-GN~1.REL/bin/../lib/gcc/arm-none-eabi/13.3.1/thumb/v7e-m+fp/hard\libc_nano.a(libc_a-stdio.o) (_lseek_r)
D:/PROGRA~1/Compiler/ARM-GN~1.REL/bin/../lib/gcc/arm-none-eabi/13.3.1/thumb/v7e-m+fp/hard\libc_nano.a(libc_a-readr.o)
                              D:/PROGRA~1/Compiler/ARM-GN~1.REL/bin/../lib/gcc/arm-none-eabi/13.3.1/thumb/v7e-m+fp/hard\libc_nano.a(libc_a-stdio.o) (_read_r)
D:/PROGRA~1/Compiler/ARM-GN~1.REL/bin/../lib/gcc/arm-none-eabi/13.3.1/thumb/v7e-m+fp/hard\libc_nano.a(libc_a-writer.o)
                              D:/PROGRA~1/Compiler/ARM-GN~1.REL/bin/../lib/gcc/arm-none-eabi/13.3.1/thumb/v7e-m+fp/hard\libc_nano.a(libc_a-stdio.o) (_write_r)
D:/PROGRA~1/Compiler/ARM-GN~1.REL/bin/../lib/gcc/arm-none-eabi/13.3.1/thumb/v7e-m+fp/hard\libc_nano.a(libc_a-init.o)
                              D:/PROGRA~1/Compiler/ARM-GN~1.REL/bin/../lib/gcc/arm-none-eabi/13.3.1/thumb/v7e-m+fp/hard/crt0.o (__libc_init_array)
D:/PROGRA~1/Compiler/ARM-GN~1.REL/bin/../lib/gcc/arm-none-eabi/13.3.1/thumb/v7e-m+fp/hard\libc_nano.a(libc_a-lock.o)
                              D:/PROGRA~1/Compiler/ARM-GN~1.REL/bin/../lib/gcc/arm-none-eabi/13.3.1/thumb/v7e-m+fp/hard\libc_nano.a(libc_a-findfp.o) (__retarget_lock_init_recursive)
D:/PROGRA~1/Compiler/ARM-GN~1.REL/bin/../lib/gcc/arm-none-eabi/13.3.1/thumb/v7e-m+fp/hard\libc_nano.a(libc_a-freer.o)
                              D:/PROGRA~1/Compiler/ARM-GN~1.REL/bin/../lib/gcc/arm-none-eabi/13.3.1/thumb/v7e-m+fp/hard\libc_nano.a(libc_a-reent.o) (_free_r)
D:/PROGRA~1/Compiler/ARM-GN~1.REL/bin/../lib/gcc/arm-none-eabi/13.3.1/thumb/v7e-m+fp/hard\libc_nano.a(libc_a-mallocr.o)
                              D:/PROGRA~1/Compiler/ARM-GN~1.REL/bin/../lib/gcc/arm-none-eabi/13.3.1/thumb/v7e-m+fp/hard\libc_nano.a(libc_a-findfp.o) (_malloc_r)
D:/PROGRA~1/Compiler/ARM-GN~1.REL/bin/../lib/gcc/arm-none-eabi/13.3.1/thumb/v7e-m+fp/hard\libc_nano.a(libc_a-mlock.o)
                              D:/PROGRA~1/Compiler/ARM-GN~1.REL/bin/../lib/gcc/arm-none-eabi/13.3.1/thumb/v7e-m+fp/hard\libc_nano.a(libc_a-freer.o) (__malloc_lock)
D:/PROGRA~1/Compiler/ARM-GN~1.REL/bin/../lib/gcc/arm-none-eabi/13.3.1/thumb/v7e-m+fp/hard\libc_nano.a(libc_a-fflush.o)
                              D:/PROGRA~1/Compiler/ARM-GN~1.REL/bin/../lib/gcc/arm-none-eabi/13.3.1/thumb/v7e-m+fp/hard\libc_nano.a(libc_a-findfp.o) (_fflush_r)
D:/PROGRA~1/Compiler/ARM-GN~1.REL/bin/../lib/gcc/arm-none-eabi/13.3.1/thumb/v7e-m+fp/hard\libc_nano.a(libc_a-sbrkr.o)
[...]
Memory Configuration

Name             Origin             Length             Attributes
RAM              0x20000000         0x00008000         xrw
FLASH            0x08000000         0x00020000         xr
*default*        0x00000000         0xffffffff

Linker script and memory map

LOAD D:/PROGRA~1/Compiler/ARM-GN~1.REL/bin/../lib/gcc/arm-none-eabi/13.3.1/thumb/v7e-m+fp/hard/crti.o
LOAD D:/PROGRA~1/Compiler/ARM-GN~1.REL/bin/../lib/gcc/arm-none-eabi/13.3.1/thumb/v7e-m+fp/hard/crtbegin.o
LOAD D:/PROGRA~1/Compiler/ARM-GN~1.REL/bin/../lib/gcc/arm-none-eabi/13.3.1/thumb/v7e-m+fp/hard/crt0.o
START GROUP
LOAD D:/PROGRA~1/Compiler/ARM-GN~1.REL/bin/../lib/gcc/arm-none-eabi/13.3.1/thumb/v7e-m+fp/hard\libc_nano.a
LOAD D:/PROGRA~1/Compiler/ARM-GN~1.REL/bin/../lib/gcc/arm-none-eabi/13.3.1/thumb/v7e-m+fp/hard\libm.a
END GROUP
LOAD cmake/stm32cubemx/CMakeFiles/STM32_Drivers.dir/__/__/Core/Src/system_stm32g4xx.c.obj
LOAD cmake/stm32cubemx/CMakeFiles/STM32_Drivers.dir/__/__/Drivers/STM32G4xx_HAL_Driver/Src/stm32g4xx_hal_adc.c.obj
LOAD cmake/stm32cubemx/CMakeFiles/STM32_Drivers.dir/__/__/Drivers/STM32G4xx_HAL_Driver/Src/stm32g4xx_hal_adc_ex.c.obj
LOAD cmake/stm32cubemx/CMakeFiles/STM32_Drivers.dir/__/__/Drivers/STM32G4xx_HAL_Driver/Src/stm32g4xx_ll_adc.c.obj
LOAD cmake/stm32cubemx/CMakeFiles/STM32_Drivers.dir/__/__/Drivers/STM32G4xx_HAL_Driver/Src/stm32g4xx_hal.c.obj
LOAD cmake/stm32cubemx/CMakeFiles/STM32_Drivers.dir/__/__/Drivers/STM32G4xx_HAL_Driver/Src/stm32g4xx_hal_rcc.c.obj
LOAD cmake/stm32cubemx/CMakeFiles/STM32_Drivers.dir/__/__/Drivers/STM32G4xx_HAL_Driver/Src/stm32g4xx_hal_rcc_ex.c.obj
LOAD cmake/stm32cubemx/CMakeFiles/STM32_Drivers.dir/__/__/Drivers/STM32G4xx_HAL_Driver/Src/stm32g4xx_hal_flash.c.obj
LOAD cmake/stm32cubemx/CMakeFiles/STM32_Drivers.dir/__/__/Drivers/STM32G4xx_HAL_Driver/Src/stm32g4xx_hal_flash_ex.c.obj
LOAD cmake/stm32cubemx/CMakeFiles/STM32_Drivers.dir/__/__/Drivers/STM32G4xx_HAL_Driver/Src/stm32g4xx_hal_flash_ramfunc.c.obj
LOAD cmake/stm32cubemx/CMakeFiles/STM32_Drivers.dir/__/__/Drivers/STM32G4xx_HAL_Driver/Src/stm32g4xx_hal_gpio.c.obj
LOAD cmake/stm32cubemx/CMakeFiles/STM32_Drivers.dir/__/__/Drivers/STM32G4xx_HAL_Driver/Src/stm32g4xx_hal_exti.c.obj
LOAD cmake/stm32cubemx/CMakeFiles/STM32_Drivers.dir/__/__/Drivers/STM32G4xx_HAL_Driver/Src/stm32g4xx_hal_dma.c.obj
LOAD cmake/stm32cubemx/CMakeFiles/STM32_Drivers.dir/__/__/Drivers/STM32G4xx_HAL_Driver/Src/stm32g4xx_hal_dma_ex.c.obj
LOAD cmake/stm32cubemx/CMakeFiles/STM32_Drivers.dir/__/__/Drivers/STM32G4xx_HAL_Driver/Src/stm32g4xx_hal_pwr.c.obj
LOAD cmake/stm32cubemx/CMakeFiles/STM32_Drivers.dir/__/__/Drivers/STM32G4xx_HAL_Driver/Src/stm32g4xx_hal_pwr_ex.c.obj
LOAD cmake/stm32cubemx/CMakeFiles/STM32_Drivers.dir/__/__/Drivers/STM32G4xx_HAL_Driver/Src/stm32g4xx_hal_cortex.c.obj
LOAD cmake/stm32cubemx/CMakeFiles/STM32_Drivers.dir/__/__/Drivers/STM32G4xx_HAL_Driver/Src/stm32g4xx_hal_dac.c.obj
LOAD cmake/stm32cubemx/CMakeFiles/STM32_Drivers.dir/__/__/Drivers/STM32G4xx_HAL_Driver/Src/stm32g4xx_hal_dac_ex.c.obj
LOAD cmake/stm32cubemx/CMakeFiles/STM32_Drivers.dir/__/__/Drivers/STM32G4xx_HAL_Driver/Src/stm32g4xx_hal_fdcan.c.obj
LOAD cmake/stm32cubemx/CMakeFiles/STM32_Drivers.dir/__/__/Drivers/STM32G4xx_HAL_Driver/Src/stm32g4xx_hal_spi.c.obj
LOAD cmake/stm32cubemx/CMakeFiles/STM32_Drivers.dir/__/__/Drivers/STM32G4xx_HAL_Driver/Src/stm32g4xx_hal_spi_ex.c.obj
LOAD cmake/stm32cubemx/CMakeFiles/STM32_Drivers.dir/__/__/Drivers/STM32G4xx_HAL_Driver/Src/stm32g4xx_hal_tim.c.obj
LOAD cmake/stm32cubemx/CMakeFiles/STM32_Drivers.dir/__/__/Drivers/STM32G4xx_HAL_Driver/Src/stm32g4xx_hal_tim_ex.c.obj
LOAD cmake/stm32cubemx/CMakeFiles/STM32_Drivers.dir/__/__/Drivers/STM32G4xx_HAL_Driver/Src/stm32g4xx_hal_uart.c.obj
LOAD cmake/stm32cubemx/CMakeFiles/STM32_Drivers.dir/__/__/Drivers/STM32G4xx_HAL_Driver/Src/stm32g4xx_hal_uart_ex.c.obj
LOAD CMakeFiles/8518_DRV.dir/Core/Src/main.c.obj
LOAD CMakeFiles/8518_DRV.dir/Core/Src/gpio.c.obj
LOAD CMakeFiles/8518_DRV.dir/Core/Src/adc.c.obj
LOAD CMakeFiles/8518_DRV.dir/Core/Src/dac.c.obj
LOAD CMakeFiles/8518_DRV.dir/Core/Src/fdcan.c.obj
LOAD CMakeFiles/8518_DRV.dir/Core/Src/spi.c.obj
LOAD CMakeFiles/8518_DRV.dir/Core/Src/tim.c.obj
LOAD CMakeFiles/8518_DRV.dir/Core/Src/usart.c.obj
LOAD CMakeFiles/8518_DRV.dir/Core/Src/stm32g4xx_it.c.obj
LOAD CMakeFiles/8518_DRV.dir/Core/Src/stm32g4xx_hal_msp.c.obj
LOAD CMakeFiles/8518_DRV.dir/Core/Src/sysmem.c.obj
LOAD CMakeFiles/8518_DRV.dir/Core/Src/syscalls.c.obj
LOAD CMakeFiles/8518_DRV.dir/startup_stm32g431xx.s.obj
START GROUP
LOAD D:/PROGRA~1/Compiler/ARM-GN~1.REL/bin/../lib/gcc/arm-none-eabi/13.3.1/thumb/v7e-m+fp/hard\libgcc.a
LOAD D:/PROGRA~1/Compiler/ARM-GN~1.REL/bin/../lib/gcc/arm-none-eabi/13.3.1/thumb/v7e-m+fp/hard\libg_nano.a
LOAD D:/PROGRA~1/Compiler/ARM-GN~1.REL/bin/../lib/gcc/arm-none-eabi/13.3.1/thumb/v7e-m+fp/hard\libc_nano.a
END GROUP
START GROUP
LOAD D:/PROGRA~1/Compiler/ARM-GN~1.REL/bin/../lib/gcc/arm-none-eabi/13.3.1/thumb/v7e-m+fp/hard\libgcc.a
LOAD D:/PROGRA~1/Compiler/ARM-GN~1.REL/bin/../lib/gcc/arm-none-eabi/13.3.1/thumb/v7e-m+fp/hard\libc_nano.a
END GROUP
LOAD D:/PROGRA~1/Compiler/ARM-GN~1.REL/bin/../lib/gcc/arm-none-eabi/13.3.1/thumb/v7e-m+fp/hard/crtend.o
LOAD D:/PROGRA~1/Compiler/ARM-GN~1.REL/bin/../lib/gcc/arm-none-eabi/13.3.1/thumb/v7e-m+fp/hard/crtn.o
                0x20008000                        _estack = (ORIGIN (RAM) + LENGTH (RAM))
                0x00002000                        _Min_Heap_Size = 0x2000
                0x00004000                        _Min_Stack_Size = 0x4000

.isr_vector     0x08000000      0x1d8
                0x08000000                        . = ALIGN (0x4)
 *(.isr_vector)
 .isr_vector    0x08000000      0x1d8 CMakeFiles/8518_DRV.dir/startup_stm32g431xx.s.obj
                0x08000000                g_pfnVectors
                0x080001d8                        . = ALIGN (0x4)

.text           0x080001d8     0x3ad4
                0x080001d8                        . = ALIGN (0x4)
 *(.text)
 .text          0x080001d8       0x30 D:/PROGRA~1/Compiler/ARM-GN~1.REL/bin/../lib/gcc/arm-none-eabi/13.3.1/thumb/v7e-m+fp/hard\libgcc.a(_aeabi_uldivmod.o)
                0x080001d8                __aeabi_uldivmod
 .text          0x08000208        0x4 D:/PROGRA~1/Compiler/ARM-GN~1.REL/bin/../lib/gcc/arm-none-eabi/13.3.1/thumb/v7e-m+fp/hard\libgcc.a(_dvmd_tls.o)
                0x08000208                __aeabi_idiv0
                0x08000208                __aeabi_ldiv0
 *(.text*)
 .text.deregister_tm_clones
                0x0800020c       0x1c D:/PROGRA~1/Compiler/ARM-GN~1.REL/bin/../lib/gcc/arm-none-eabi/13.3.1/thumb/v7e-m+fp/hard/crtbegin.o
 .text.register_tm_clones
                0x08000228       0x24 D:/PROGRA~1/Compiler/ARM-GN~1.REL/bin/../lib/gcc/arm-none-eabi/13.3.1/thumb/v7e-m+fp/hard/crtbegin.o
 .text.__do_global_dtors_aux
                0x0800024c       0x28 D:/PROGRA~1/Compiler/ARM-GN~1.REL/bin/../lib/gcc/arm-none-eabi/13.3.1/thumb/v7e-m+fp/hard/crtbegin.o
 .text.frame_dummy
                0x08000274       0x24 D:/PROGRA~1/Compiler/ARM-GN~1.REL/bin/../lib/gcc/arm-none-eabi/13.3.1/thumb/v7e-m+fp/hard/crtbegin.o
 .text.memset   0x08000298       0x10 D:/PROGRA~1/Compiler/ARM-GN~1.REL/bin/../lib/gcc/arm-none-eabi/13.3.1/thumb/v7e-m+fp/hard\libc_nano.a(libc_a-memset.o)
                0x08000298                memset
 .text.__libc_init_array
                0x080002a8       0x48 D:/PROGRA~1/Compiler/ARM-GN~1.REL/bin/../lib/gcc/arm-none-eabi/13.3.1/thumb/v7e-m+fp/hard\libc_nano.a(libc_a-init.o)
                0x080002a8                __libc_init_array
 .text.SystemInit
                0x080002f0       0x14 cmake/stm32cubemx/CMakeFiles/STM32_Drivers.dir/__/__/Core/Src/system_stm32g4xx.c.obj
                0x080002f0                SystemInit
 .text.LL_ADC_SetChannelSamplingTime
                0x08000304       0x20 cmake/stm32cubemx/CMakeFiles/STM32_Drivers.dir/__/__/Drivers/STM32G4xx_HAL_Driver/Src/stm32g4xx_hal_adc.c.obj
 .text.LL_ADC_IsEnabled
                0x08000324        0x8 cmake/stm32cubemx/CMakeFiles/STM32_Drivers.dir/__/__/Drivers/STM32G4xx_HAL_Driver/Src/stm32g4xx_hal_adc.c.obj
 .text.LL_ADC_REG_IsConversionOngoing
                0x0800032c        0x8 cmake/stm32cubemx/CMakeFiles/STM32_Drivers.dir/__/__/Drivers/STM32G4xx_HAL_Driver/Src/stm32g4xx_hal_adc.c.obj
 .text.HAL_ADC_Init
                0x08000334      0x1e0 cmake/stm32cubemx/CMakeFiles/STM32_Drivers.dir/__/__/Drivers/STM32G4xx_HAL_Driver/Src/stm32g4xx_hal_adc.c.obj
                0x08000334                HAL_ADC_Init
 .text.HAL_ADC_ConfigChannel
                0x08000514      0x3a8 cmake/stm32cubemx/CMakeFiles/STM32_Drivers.dir/__/__/Drivers/STM32G4xx_HAL_Driver/Src/stm32g4xx_hal_adc.c.obj
                0x08000514                HAL_ADC_ConfigChannel
 .text.LL_ADC_SetChannelSamplingTime
                0x080008bc       0x20 cmake/stm32cubemx/CMakeFiles/STM32_Drivers.dir/__/__/Drivers/STM32G4xx_HAL_Driver/Src/stm32g4xx_hal_adc_ex.c.obj
 .text.LL_ADC_IsEnabled
                0x080008dc        0x8 cmake/stm32cubemx/CMakeFiles/STM32_Drivers.dir/__/__/Drivers/STM32G4xx_HAL_Driver/Src/stm32g4xx_hal_adc_ex.c.obj
 .text.LL_ADC_REG_IsConversionOngoing
                0x080008e4        0x8 cmake/stm32cubemx/CMakeFiles/STM32_Drivers.dir/__/__/Drivers/STM32G4xx_HAL_Driver/Src/stm32g4xx_hal_adc_ex.c.obj
 .text.LL_ADC_INJ_IsConversionOngoing
                0x080008ec        0x8 cmake/stm32cubemx/CMakeFiles/STM32_Drivers.dir/__/__/Drivers/STM32G4xx_HAL_Driver/Src/stm32g4xx_hal_adc_ex.c.obj
 .text.HAL_ADCEx_InjectedConfigChannel
                0x080008f4      0x48c cmake/stm32cubemx/CMakeFiles/STM32_Drivers.dir/__/__/Drivers/STM32G4xx_HAL_Driver/Src/stm32g4xx_hal_adc_ex.c.obj
                0x080008f4                HAL_ADCEx_InjectedConfigChannel
 .text.HAL_ADCEx_MultiModeConfigChannel
                0x08000d80       0xd0 cmake/stm32cubemx/CMakeFiles/STM32_Drivers.dir/__/__/Drivers/STM32G4xx_HAL_Driver/Src/stm32g4xx_hal_adc_ex.c.obj
                0x08000d80                HAL_ADCEx_MultiModeConfigChannel
 .text.HAL_InitTick
                0x08000e50       0x4c cmake/stm32cubemx/CMakeFiles/STM32_Drivers.dir/__/__/Drivers/STM32G4xx_HAL_Driver/Src/stm32g4xx_hal.c.obj
                0x08000e50                HAL_InitTick
 .text.HAL_Init
                0x08000e9c       0x1e cmake/stm32cubemx/CMakeFiles/STM32_Drivers.dir/__/__/Drivers/STM32G4xx_HAL_Driver/Src/stm32g4xx_hal.c.obj
                0x08000e9c                HAL_Init
 *fill*         0x08000eba        0x2 
 .text.HAL_IncTick
                0x08000ebc       0x18 cmake/stm32cubemx/CMakeFiles/STM32_Drivers.dir/__/__/Drivers/STM32G4xx_HAL_Driver/Src/stm32g4xx_hal.c.obj
                0x08000ebc                HAL_IncTick
 .text.HAL_GetTick
                0x08000ed4        0xc cmake/stm32cubemx/CMakeFiles/STM32_Drivers.dir/__/__/Drivers/STM32G4xx_HAL_Driver/Src/stm32g4xx_hal.c.obj
                0x08000ed4                HAL_GetTick
 .text.HAL_Delay
                0x08000ee0       0x28 cmake/stm32cubemx/CMakeFiles/STM32_Drivers.dir/__/__/Drivers/STM32G4xx_HAL_Driver/Src/stm32g4xx_hal.c.obj
                0x08000ee0                HAL_Delay
 .text.HAL_RCC_OscConfig
                0x08000f08      0x418 cmake/stm32cubemx/CMakeFiles/STM32_Drivers.dir/__/__/Drivers/STM32G4xx_HAL_Driver/Src/stm32g4xx_hal_rcc.c.obj
                0x08000f08                HAL_RCC_OscConfig
 .text.HAL_RCC_GetSysClockFreq
                0x08001320       0x6c cmake/stm32cubemx/CMakeFiles/STM32_Drivers.dir/__/__/Drivers/STM32G4xx_HAL_Driver/Src/stm32g4xx_hal_rcc.c.obj
                0x08001320                HAL_RCC_GetSysClockFreq
 .text.HAL_RCC_ClockConfig
                0x0800138c      0x1e8 cmake/stm32cubemx/CMakeFiles/STM32_Drivers.dir/__/__/Drivers/STM32G4xx_HAL_Driver/Src/stm32g4xx_hal_rcc.c.obj
                0x0800138c                HAL_RCC_ClockConfig
 .text.HAL_RCC_GetHCLKFreq
                0x08001574        0xc cmake/stm32cubemx/CMakeFiles/STM32_Drivers.dir/__/__/Drivers/STM32G4xx_HAL_Driver/Src/stm32g4xx_hal_rcc.c.obj
                0x08001574                HAL_RCC_GetHCLKFreq
 .text.HAL_RCC_GetPCLK1Freq
                0x08001580       0x24 cmake/stm32cubemx/CMakeFiles/STM32_Drivers.dir/__/__/Drivers/STM32G4xx_HAL_Driver/Src/stm32g4xx_hal_rcc.c.obj
                0x08001580                HAL_RCC_GetPCLK1Freq
 .text.HAL_RCC_GetPCLK2Freq
                0x080015a4       0x24 cmake/stm32cubemx/CMakeFiles/STM32_Drivers.dir/__/__/Drivers/STM32G4xx_HAL_Driver/Src/stm32g4xx_hal_rcc.c.obj
                0x080015a4                HAL_RCC_GetPCLK2Freq
 .text.HAL_RCCEx_PeriphCLKConfig
                0x080015c8      0x278 cmake/stm32cubemx/CMakeFiles/STM32_Drivers.dir/__/__/Drivers/STM32G4xx_HAL_Driver/Src/stm32g4xx_hal_rcc_ex.c.obj
                0x080015c8                HAL_RCCEx_PeriphCLKConfig
 .text.HAL_GPIO_Init
                0x08001840      0x194 cmake/stm32cubemx/CMakeFiles/STM32_Drivers.dir/__/__/Drivers/STM32G4xx_HAL_Driver/Src/stm32g4xx_hal_gpio.c.obj
                0x08001840                HAL_GPIO_Init
 .text.HAL_GPIO_WritePin
                0x080019d4        0xa cmake/stm32cubemx/CMakeFiles/STM32_Drivers.dir/__/__/Drivers/STM32G4xx_HAL_Driver/Src/stm32g4xx_hal_gpio.c.obj
                0x080019d4                HAL_GPIO_WritePin
 .text.HAL_GPIO_TogglePin
                0x080019de       0x12 cmake/stm32cubemx/CMakeFiles/STM32_Drivers.dir/__/__/Drivers/STM32G4xx_HAL_Driver/Src/stm32g4xx_hal_gpio.c.obj
                0x080019de                HAL_GPIO_TogglePin
 .text.HAL_PWREx_ControlVoltageScaling
                0x080019f0       0xb0 cmake/stm32cubemx/CMakeFiles/STM32_Drivers.dir/__/__/Drivers/STM32G4xx_HAL_Driver/Src/stm32g4xx_hal_pwr_ex.c.obj
                0x080019f0                HAL_PWREx_ControlVoltageScaling
 .text.HAL_PWREx_DisableUCPDDeadBattery
                0x08001aa0       0x10 cmake/stm32cubemx/CMakeFiles/STM32_Drivers.dir/__/__/Drivers/STM32G4xx_HAL_Driver/Src/stm32g4xx_hal_pwr_ex.c.obj
                0x08001aa0                HAL_PWREx_DisableUCPDDeadBattery
 .text.HAL_NVIC_SetPriorityGrouping
                0x08001ab0       0x24 cmake/stm32cubemx/CMakeFiles/STM32_Drivers.dir/__/__/Drivers/STM32G4xx_HAL_Driver/Src/stm32g4xx_hal_cortex.c.obj
                0x08001ab0                HAL_NVIC_SetPriorityGrouping
 .text.HAL_NVIC_SetPriority
                0x08001ad4       0x64 cmake/stm32cubemx/CMakeFiles/STM32_Drivers.dir/__/__/Drivers/STM32G4xx_HAL_Driver/Src/stm32g4xx_hal_cortex.c.obj
                0x08001ad4                HAL_NVIC_SetPriority
 .text.HAL_SYSTICK_Config
                0x08001b38       0x28 cmake/stm32cubemx/CMakeFiles/STM32_Drivers.dir/__/__/Drivers/STM32G4xx_HAL_Driver/Src/stm32g4xx_hal_cortex.c.obj
                0x08001b38                HAL_SYSTICK_Config
 .text.HAL_DAC_Init
                0x08001b60       0x26 cmake/stm32cubemx/CMakeFiles/STM32_Drivers.dir/__/__/Drivers/STM32G4xx_HAL_Driver/Src/stm32g4xx_hal_dac.c.obj
                0x08001b60                HAL_DAC_Init
 *fill*         0x08001b86        0x2 
 .text.HAL_DAC_ConfigChannel
                0x08001b88      0x1b8 cmake/stm32cubemx/CMakeFiles/STM32_Drivers.dir/__/__/Drivers/STM32G4xx_HAL_Driver/Src/stm32g4xx_hal_dac.c.obj
                0x08001b88                HAL_DAC_ConfigChannel
 .text.HAL_FDCAN_Init
                0x08001d40      0x1c4 cmake/stm32cubemx/CMakeFiles/STM32_Drivers.dir/__/__/Drivers/STM32G4xx_HAL_Driver/Src/stm32g4xx_hal_fdcan.c.obj
                0x08001d40                HAL_FDCAN_Init
 .text.HAL_SPI_Init
                0x08001f04       0xdc cmake/stm32cubemx/CMakeFiles/STM32_Drivers.dir/__/__/Drivers/STM32G4xx_HAL_Driver/Src/stm32g4xx_hal_spi.c.obj
                0x08001f04                HAL_SPI_Init
 .text.TIM_OC1_SetConfig
                0x08001fe0       0x74 cmake/stm32cubemx/CMakeFiles/STM32_Drivers.dir/__/__/Drivers/STM32G4xx_HAL_Driver/Src/stm32g4xx_hal_tim.c.obj
 .text.TIM_OC3_SetConfig
                0x08002054       0x80 cmake/stm32cubemx/CMakeFiles/STM32_Drivers.dir/__/__/Drivers/STM32G4xx_HAL_Driver/Src/stm32g4xx_hal_tim.c.obj
 .text.TIM_OC4_SetConfig
                0x080020d4       0x80 cmake/stm32cubemx/CMakeFiles/STM32_Drivers.dir/__/__/Drivers/STM32G4xx_HAL_Driver/Src/stm32g4xx_hal_tim.c.obj
 .text.TIM_OC5_SetConfig
                0x08002154       0x68 cmake/stm32cubemx/CMakeFiles/STM32_Drivers.dir/__/__/Drivers/STM32G4xx_HAL_Driver/Src/stm32g4xx_hal_tim.c.obj
 .text.TIM_OC6_SetConfig
                0x080021bc       0x68 cmake/stm32cubemx/CMakeFiles/STM32_Drivers.dir/__/__/Drivers/STM32G4xx_HAL_Driver/Src/stm32g4xx_hal_tim.c.obj
 .text.TIM_Base_SetConfig
                0x08002224       0xa8 cmake/stm32cubemx/CMakeFiles/STM32_Drivers.dir/__/__/Drivers/STM32G4xx_HAL_Driver/Src/stm32g4xx_hal_tim.c.obj
                0x08002224                TIM_Base_SetConfig
 .text.HAL_TIM_Base_Init
                0x080022cc       0x60 cmake/stm32cubemx/CMakeFiles/STM32_Drivers.dir/__/__/Drivers/STM32G4xx_HAL_Driver/Src/stm32g4xx_hal_tim.c.obj
                0x080022cc                HAL_TIM_Base_Init
 .text.HAL_TIM_PWM_Init
                0x0800232c       0x60 cmake/stm32cubemx/CMakeFiles/STM32_Drivers.dir/__/__/Drivers/STM32G4xx_HAL_Driver/Src/stm32g4xx_hal_tim.c.obj
                0x0800232c                HAL_TIM_PWM_Init
 .text.TIM_OC2_SetConfig
                0x0800238c       0x80 cmake/stm32cubemx/CMakeFiles/STM32_Drivers.dir/__/__/Drivers/STM32G4xx_HAL_Driver/Src/stm32g4xx_hal_tim.c.obj
                0x0800238c                TIM_OC2_SetConfig
 .text.HAL_TIM_PWM_ConfigChannel
                0x0800240c       0xf8 cmake/stm32cubemx/CMakeFiles/STM32_Drivers.dir/__/__/Drivers/STM32G4xx_HAL_Driver/Src/stm32g4xx_hal_tim.c.obj
                0x0800240c                HAL_TIM_PWM_ConfigChannel
 .text.TIM_ETR_SetConfig
                0x08002504       0x14 cmake/stm32cubemx/CMakeFiles/STM32_Drivers.dir/__/__/Drivers/STM32G4xx_HAL_Driver/Src/stm32g4xx_hal_tim.c.obj
                0x08002504                TIM_ETR_SetConfig
 .text.HAL_TIM_ConfigClockSource
                0x08002518      0x178 cmake/stm32cubemx/CMakeFiles/STM32_Drivers.dir/__/__/Drivers/STM32G4xx_HAL_Driver/Src/stm32g4xx_hal_tim.c.obj
                0x08002518                HAL_TIM_ConfigClockSource
 .text.HAL_TIMEx_MasterConfigSynchronization
                0x08002690       0x88 cmake/stm32cubemx/CMakeFiles/STM32_Drivers.dir/__/__/Drivers/STM32G4xx_HAL_Driver/Src/stm32g4xx_hal_tim_ex.c.obj
                0x08002690                HAL_TIMEx_MasterConfigSynchronization
 .text.HAL_TIMEx_ConfigBreakDeadTime
                0x08002718       0x94 cmake/stm32cubemx/CMakeFiles/STM32_Drivers.dir/__/__/Drivers/STM32G4xx_HAL_Driver/Src/stm32g4xx_hal_tim_ex.c.obj
                0x08002718                HAL_TIMEx_ConfigBreakDeadTime
 .text.UART_EndRxTransfer
                0x080027ac       0x58 cmake/stm32cubemx/CMakeFiles/STM32_Drivers.dir/__/__/Drivers/STM32G4xx_HAL_Driver/Src/stm32g4xx_hal_uart.c.obj
 .text.UART_SetConfig
                0x08002804      0x230 cmake/stm32cubemx/CMakeFiles/STM32_Drivers.dir/__/__/Drivers/STM32G4xx_HAL_Driver/Src/stm32g4xx_hal_uart.c.obj
                0x08002804                UART_SetConfig
 .text.UART_AdvFeatureConfig
                0x08002a34       0xa8 cmake/stm32cubemx/CMakeFiles/STM32_Drivers.dir/__/__/Drivers/STM32G4xx_HAL_Driver/Src/stm32g4xx_hal_uart.c.obj
                0x08002a34                UART_AdvFeatureConfig
 .text.UART_WaitOnFlagUntilTimeout
                0x08002adc       0x90 cmake/stm32cubemx/CMakeFiles/STM32_Drivers.dir/__/__/Drivers/STM32G4xx_HAL_Driver/Src/stm32g4xx_hal_uart.c.obj
                0x08002adc                UART_WaitOnFlagUntilTimeout
 .text.UART_CheckIdleState
                0x08002b6c       0xb6 cmake/stm32cubemx/CMakeFiles/STM32_Drivers.dir/__/__/Drivers/STM32G4xx_HAL_Driver/Src/stm32g4xx_hal_uart.c.obj
                0x08002b6c                UART_CheckIdleState
 .text.HAL_UART_Init
                0x08002c22       0x60 cmake/stm32cubemx/CMakeFiles/STM32_Drivers.dir/__/__/Drivers/STM32G4xx_HAL_Driver/Src/stm32g4xx_hal_uart.c.obj
                0x08002c22                HAL_UART_Init
 *fill*         0x08002c82        0x2 
 .text.UARTEx_SetNbDataToProcess
                0x08002c84       0x44 cmake/stm32cubemx/CMakeFiles/STM32_Drivers.dir/__/__/Drivers/STM32G4xx_HAL_Driver/Src/stm32g4xx_hal_uart_ex.c.obj
 .text.HAL_RS485Ex_Init
                0x08002cc8       0x7a cmake/stm32cubemx/CMakeFiles/STM32_Drivers.dir/__/__/Drivers/STM32G4xx_HAL_Driver/Src/stm32g4xx_hal_uart_ex.c.obj
                0x08002cc8                HAL_RS485Ex_Init
 .text.HAL_UARTEx_DisableFifoMode
                0x08002d42       0x36 cmake/stm32cubemx/CMakeFiles/STM32_Drivers.dir/__/__/Drivers/STM32G4xx_HAL_Driver/Src/stm32g4xx_hal_uart_ex.c.obj
                0x08002d42                HAL_UARTEx_DisableFifoMode
 .text.HAL_UARTEx_SetTxFifoThreshold
                0x08002d78       0x40 cmake/stm32cubemx/CMakeFiles/STM32_Drivers.dir/__/__/Drivers/STM32G4xx_HAL_Driver/Src/stm32g4xx_hal_uart_ex.c.obj
                0x08002d78                HAL_UARTEx_SetTxFifoThreshold
 .text.HAL_UARTEx_SetRxFifoThreshold
                0x08002db8       0x40 cmake/stm32cubemx/CMakeFiles/STM32_Drivers.dir/__/__/Drivers/STM32G4xx_HAL_Driver/Src/stm32g4xx_hal_uart_ex.c.obj
                0x08002db8                HAL_UARTEx_SetRxFifoThreshold
 .text.SystemClock_Config
                0x08002df8       0x68 CMakeFiles/8518_DRV.dir/Core/Src/main.c.obj
                0x08002df8                SystemClock_Config
 .text.startup.main
                0x08002e60       0x50 CMakeFiles/8518_DRV.dir/Core/Src/main.c.obj
                0x08002e60                main
 .text.Error_Handler
                0x08002eb0        0x4 CMakeFiles/8518_DRV.dir/Core/Src/main.c.obj
                0x08002eb0                Error_Handler
 .text.MX_GPIO_Init
                0x08002eb4       0xb0 CMakeFiles/8518_DRV.dir/Core/Src/gpio.c.obj
                0x08002eb4                MX_GPIO_Init
 .text.MX_ADC1_Init
                0x08002f64      0x118 CMakeFiles/8518_DRV.dir/Core/Src/adc.c.obj
                0x08002f64                MX_ADC1_Init
 .text.MX_ADC2_Init
                0x0800307c       0x80 CMakeFiles/8518_DRV.dir/Core/Src/adc.c.obj
                0x0800307c                MX_ADC2_Init
 .text.HAL_ADC_MspInit
                0x080030fc       0xf8 CMakeFiles/8518_DRV.dir/Core/Src/adc.c.obj
                0x080030fc                HAL_ADC_MspInit
 .text.MX_DAC1_Init
                0x080031f4       0x54 CMakeFiles/8518_DRV.dir/Core/Src/dac.c.obj
                0x080031f4                MX_DAC1_Init
 .text.HAL_DAC_MspInit
                0x08003248       0x60 CMakeFiles/8518_DRV.dir/Core/Src/dac.c.obj
                0x08003248                HAL_DAC_MspInit
 .text.MX_FDCAN1_Init
                0x080032a8       0x48 CMakeFiles/8518_DRV.dir/Core/Src/fdcan.c.obj
                0x080032a8                MX_FDCAN1_Init
 .text.HAL_FDCAN_MspInit
                0x080032f0       0x8c CMakeFiles/8518_DRV.dir/Core/Src/fdcan.c.obj
                0x080032f0                HAL_FDCAN_MspInit
 .text.MX_SPI1_Init
                0x0800337c       0x4c CMakeFiles/8518_DRV.dir/Core/Src/spi.c.obj
                0x0800337c                MX_SPI1_Init
 .text.MX_SPI3_Init
                0x080033c8       0x50 CMakeFiles/8518_DRV.dir/Core/Src/spi.c.obj
                0x080033c8                MX_SPI3_Init
 .text.HAL_SPI_MspInit
                0x08003418       0xa8 CMakeFiles/8518_DRV.dir/Core/Src/spi.c.obj
                0x08003418                HAL_SPI_MspInit
 .text.HAL_TIM_Base_MspInit
                0x080034c0       0x28 CMakeFiles/8518_DRV.dir/Core/Src/tim.c.obj
                0x080034c0                HAL_TIM_Base_MspInit
 .text.HAL_TIM_PWM_MspInit
                0x080034e8       0x28 CMakeFiles/8518_DRV.dir/Core/Src/tim.c.obj
                0x080034e8                HAL_TIM_PWM_MspInit
 .text.HAL_TIM_MspPostInit
                0x08003510       0xc4 CMakeFiles/8518_DRV.dir/Core/Src/tim.c.obj
                0x08003510                HAL_TIM_MspPostInit
 .text.MX_TIM1_Init
                0x080035d4      0x11c CMakeFiles/8518_DRV.dir/Core/Src/tim.c.obj
                0x080035d4                MX_TIM1_Init
 .text.MX_TIM3_Init
                0x080036f0       0x74 CMakeFiles/8518_DRV.dir/Core/Src/tim.c.obj
                0x080036f0                MX_TIM3_Init
 .text.MX_UART4_Init
                0x08003764       0x68 CMakeFiles/8518_DRV.dir/Core/Src/usart.c.obj
                0x08003764                MX_UART4_Init
 .text.MX_USART1_UART_Init
                0x080037cc       0x64 CMakeFiles/8518_DRV.dir/Core/Src/usart.c.obj
                0x080037cc                MX_USART1_UART_Init
 .text.HAL_UART_MspInit
                0x08003830      0x10c CMakeFiles/8518_DRV.dir/Core/Src/usart.c.obj
                0x08003830                HAL_UART_MspInit
 .text.NMI_Handler
                0x0800393c        0x2 CMakeFiles/8518_DRV.dir/Core/Src/stm32g4xx_it.c.obj
                0x0800393c                NMI_Handler
 .text.HardFault_Handler
                0x0800393e        0x2 CMakeFiles/8518_DRV.dir/Core/Src/stm32g4xx_it.c.obj
                0x0800393e                HardFault_Handler
 .text.MemManage_Handler
                0x08003940        0x2 CMakeFiles/8518_DRV.dir/Core/Src/stm32g4xx_it.c.obj
                0x08003940                MemManage_Handler
 .text.BusFault_Handler
                0x08003942        0x2 CMakeFiles/8518_DRV.dir/Core/Src/stm32g4xx_it.c.obj
                0x08003942                BusFault_Handler
 .text.UsageFault_Handler
                0x08003944        0x2 CMakeFiles/8518_DRV.dir/Core/Src/stm32g4xx_it.c.obj
                0x08003944                UsageFault_Handler
 .text.SVC_Handler
                0x08003946        0x2 CMakeFiles/8518_DRV.dir/Core/Src/stm32g4xx_it.c.obj
                0x08003946                SVC_Handler
 .text.DebugMon_Handler
                0x08003948        0x2 CMakeFiles/8518_DRV.dir/Core/Src/stm32g4xx_it.c.obj
                0x08003948                DebugMon_Handler
 .text.PendSV_Handler
                0x0800394a        0x2 CMakeFiles/8518_DRV.dir/Core/Src/stm32g4xx_it.c.obj
                0x0800394a                PendSV_Handler
 .text.SysTick_Handler
                0x0800394c        0x4 CMakeFiles/8518_DRV.dir/Core/Src/stm32g4xx_it.c.obj
                0x0800394c                SysTick_Handler
 .text.HAL_MspInit
                0x08003950       0x34 CMakeFiles/8518_DRV.dir/Core/Src/stm32g4xx_hal_msp.c.obj
                0x08003950                HAL_MspInit
 .text.Reset_Handler
                0x08003984       0x50 CMakeFiles/8518_DRV.dir/startup_stm32g431xx.s.obj
                0x08003984                Reset_Handler
 .text.Default_Handler
                0x080039d4        0x2 CMakeFiles/8518_DRV.dir/startup_stm32g431xx.s.obj
                0x080039d4                RTC_Alarm_IRQHandler
                0x080039d4                EXTI2_IRQHandler
                0x080039d4                TIM8_TRG_COM_IRQHandler
                0x080039d4                TIM8_CC_IRQHandler
                0x080039d4                TIM1_CC_IRQHandler
                0x080039d4                USB_HP_IRQHandler
                0x080039d4                CORDIC_IRQHandler
                0x080039d4                EXTI3_IRQHandler
                0x080039d4                I2C3_ER_IRQHandler
                0x080039d4                EXTI0_IRQHandler
                0x080039d4                I2C2_EV_IRQHandler
                0x080039d4                FPU_IRQHandler
                0x080039d4                FDCAN1_IT1_IRQHandler
                0x080039d4                TIM1_UP_TIM16_IRQHandler
                0x080039d4                ADC1_2_IRQHandler
                0x080039d4                SPI1_IRQHandler
                0x080039d4                TIM6_DAC_IRQHandler
                0x080039d4                TIM8_UP_IRQHandler
                0x080039d4                DMA2_Channel2_IRQHandler
                0x080039d4                DMA1_Channel4_IRQHandler
                0x080039d4                USART3_IRQHandler
                0x080039d4                TIM4_IRQHandler
                0x080039d4                DMA2_Channel1_IRQHandler
                0x080039d4                I2C1_EV_IRQHandler
                0x080039d4                DMA1_Channel6_IRQHandler
                0x080039d4                UART4_IRQHandler
                0x080039d4                DMA2_Channel4_IRQHandler
                0x080039d4                TIM3_IRQHandler
                0x080039d4                RCC_IRQHandler
                0x080039d4                DMA1_Channel1_IRQHandler
                0x080039d4                Default_Handler
                0x080039d4                RTC_TAMP_LSECSS_IRQHandler
                0x080039d4                FMAC_IRQHandler
                0x080039d4                EXTI15_10_IRQHandler
                0x080039d4                TIM7_IRQHandler
                0x080039d4                UCPD1_IRQHandler
                0x080039d4                I2C3_EV_IRQHandler
                0x080039d4                EXTI9_5_IRQHandler
                0x080039d4                RTC_WKUP_IRQHandler
                0x080039d4                PVD_PVM_IRQHandler
                0x080039d4                SPI2_IRQHandler
                0x080039d4                DMA2_Channel5_IRQHandler
                0x080039d4                CRS_IRQHandler
                0x080039d4                DMA1_Channel5_IRQHandler
                0x080039d4                USB_LP_IRQHandler
                0x080039d4                EXTI4_IRQHandler
                0x080039d4                RNG_IRQHandler
                0x080039d4                TIM1_TRG_COM_TIM17_IRQHandler
                0x080039d4                DMA1_Channel3_IRQHandler
                0x080039d4                WWDG_IRQHandler
                0x080039d4                LPUART1_IRQHandler
                0x080039d4                DMA2_Channel6_IRQHandler
                0x080039d4                FDCAN1_IT0_IRQHandler
                0x080039d4                TIM2_IRQHandler
                0x080039d4                COMP1_2_3_IRQHandler
                0x080039d4                EXTI1_IRQHandler
                0x080039d4                USART2_IRQHandler
                0x080039d4                I2C2_ER_IRQHandler
                0x080039d4                DMA1_Channel2_IRQHandler
                0x080039d4                TIM8_BRK_IRQHandler
                0x080039d4                FLASH_IRQHandler
                0x080039d4                USART1_IRQHandler
                0x080039d4                SPI3_IRQHandler
                0x080039d4                I2C1_ER_IRQHandler
                0x080039d4                LPTIM1_IRQHandler
                0x080039d4                DMAMUX_OVR_IRQHandler
                0x080039d4                USBWakeUp_IRQHandler
                0x080039d4                SAI1_IRQHandler
                0x080039d4                DMA2_Channel3_IRQHandler
                0x080039d4                COMP4_IRQHandler
                0x080039d4                TIM1_BRK_TIM15_IRQHandler
 *fill*         0x080039d6        0x2 
 .text.__udivmoddi4
                0x080039d8      0x2bc D:/PROGRA~1/Compiler/ARM-GN~1.REL/bin/../lib/gcc/arm-none-eabi/13.3.1/thumb/v7e-m+fp/hard\libgcc.a(_udivmoddi4.o)
                0x080039d8                __udivmoddi4
 *(.glue_7)
 .glue_7        0x08003c94        0x0 linker stubs
 *(.glue_7t)
 .glue_7t       0x08003c94        0x0 linker stubs
 *(.eh_frame)
 .eh_frame      0x08003c94        0x0 D:/PROGRA~1/Compiler/ARM-GN~1.REL/bin/../lib/gcc/arm-none-eabi/13.3.1/thumb/v7e-m+fp/hard/crtbegin.o
 *(.init)
 .init          0x08003c94        0x4 D:/PROGRA~1/Compiler/ARM-GN~1.REL/bin/../lib/gcc/arm-none-eabi/13.3.1/thumb/v7e-m+fp/hard/crti.o
                0x08003c94                _init
 .init          0x08003c98        0x8 D:/PROGRA~1/Compiler/ARM-GN~1.REL/bin/../lib/gcc/arm-none-eabi/13.3.1/thumb/v7e-m+fp/hard/crtn.o
 *(.fini)
 .fini          0x08003ca0        0x4 D:/PROGRA~1/Compiler/ARM-GN~1.REL/bin/../lib/gcc/arm-none-eabi/13.3.1/thumb/v7e-m+fp/hard/crti.o
                0x08003ca0                _fini
 .fini          0x08003ca4        0x8 D:/PROGRA~1/Compiler/ARM-GN~1.REL/bin/../lib/gcc/arm-none-eabi/13.3.1/thumb/v7e-m+fp/hard/crtn.o
                0x08003cac                        . = ALIGN (0x4)
                0x08003cac                        _etext = .

.vfp11_veneer   0x08003cac        0x0
 .vfp11_veneer  0x08003cac        0x0 linker stubs

.v4_bx          0x08003cac        0x0
 .v4_bx         0x08003cac        0x0 linker stubs

.iplt           0x08003cac        0x0
 .iplt          0x08003cac        0x0 D:/PROGRA~1/Compiler/ARM-GN~1.REL/bin/../lib/gcc/arm-none-eabi/13.3.1/thumb/v7e-m+fp/hard/crtbegin.o

.rodata         0x08003cac       0x40
                0x08003cac                        . = ALIGN (0x4)
 *(.rodata)
 *(.rodata*)
 .rodata.APBPrescTable
                0x08003cac        0x8 cmake/stm32cubemx/CMakeFiles/STM32_Drivers.dir/__/__/Core/Src/system_stm32g4xx.c.obj
                0x08003cac                APBPrescTable
 .rodata.AHBPrescTable
                0x08003cb4       0x10 cmake/stm32cubemx/CMakeFiles/STM32_Drivers.dir/__/__/Core/Src/system_stm32g4xx.c.obj
                0x08003cb4                AHBPrescTable
 .rodata.UARTPrescTable
                0x08003cc4       0x18 cmake/stm32cubemx/CMakeFiles/STM32_Drivers.dir/__/__/Drivers/STM32G4xx_HAL_Driver/Src/stm32g4xx_hal_uart.c.obj
                0x08003cc4                UARTPrescTable
 .rodata.denominator.0
                0x08003cdc        0x8 cmake/stm32cubemx/CMakeFiles/STM32_Drivers.dir/__/__/Drivers/STM32G4xx_HAL_Driver/Src/stm32g4xx_hal_uart_ex.c.obj
 .rodata.numerator.1
                0x08003ce4        0x8 cmake/stm32cubemx/CMakeFiles/STM32_Drivers.dir/__/__/Drivers/STM32G4xx_HAL_Driver/Src/stm32g4xx_hal_uart_ex.c.obj
                0x08003cec                        . = ALIGN (0x4)

.ARM.extab      0x08003cec        0x0
                0x08003cec                        . = ALIGN (0x4)
 *(.ARM.extab* .gnu.linkonce.armextab.*)
                0x08003cec                        . = ALIGN (0x4)

.ARM            0x08003cec        0x8
                0x08003cec                        . = ALIGN (0x4)
                0x08003cec                        __exidx_start = .
 *(.ARM.exidx*)
 .ARM.exidx.text.__udivmoddi4
                0x08003cec        0x8 D:/PROGRA~1/Compiler/ARM-GN~1.REL/bin/../lib/gcc/arm-none-eabi/13.3.1/thumb/v7e-m+fp/hard\libgcc.a(_udivmoddi4.o)
                0x08003cf4                        __exidx_end = .
                0x08003cf4                        . = ALIGN (0x4)

.preinit_array  0x08003cf4        0x0
                0x08003cf4                        . = ALIGN (0x4)
                0x08003cf4                        PROVIDE (__preinit_array_start = .)
 *(.preinit_array*)
                0x08003cf4                        PROVIDE (__preinit_array_end = .)
                0x08003cf4                        . = ALIGN (0x4)

.init_array     0x08003cf4        0x4
                0x08003cf4                        . = ALIGN (0x4)
                0x08003cf4                        PROVIDE (__init_array_start = .)
 *(SORT_BY_NAME(.init_array.*))
 *(.init_array*)
 .init_array    0x08003cf4        0x4 D:/PROGRA~1/Compiler/ARM-GN~1.REL/bin/../lib/gcc/arm-none-eabi/13.3.1/thumb/v7e-m+fp/hard/crtbegin.o
                0x08003cf8                        PROVIDE (__init_array_end = .)
                0x08003cf8                        . = ALIGN (0x4)

.fini_array     0x08003cf8        0x4
                0x08003cf8                        . = ALIGN (0x4)
                [!provide]                        PROVIDE (__fini_array_start = .)
 *(SORT_BY_NAME(.fini_array.*))
 *(.fini_array*)
 .fini_array    0x08003cf8        0x4 D:/PROGRA~1/Compiler/ARM-GN~1.REL/bin/../lib/gcc/arm-none-eabi/13.3.1/thumb/v7e-m+fp/hard/crtbegin.o
                [!provide]                        PROVIDE (__fini_array_end = .)
                0x08003cfc                        . = ALIGN (0x4)
                0x08003cfc                        _sidata = LOADADDR (.data)

.rel.dyn        0x08003cfc        0x0
 .rel.iplt      0x08003cfc        0x0 D:/PROGRA~1/Compiler/ARM-GN~1.REL/bin/../lib/gcc/arm-none-eabi/13.3.1/thumb/v7e-m+fp/hard/crtbegin.o

.data           0x20000000        0xc load address 0x08003cfc
                0x20000000                        . = ALIGN (0x4)
                0x20000000                        _sdata = .
 *(.data)
 *(.data*)
 .data.SystemCoreClock
                0x20000000        0x4 cmake/stm32cubemx/CMakeFiles/STM32_Drivers.dir/__/__/Core/Src/system_stm32g4xx.c.obj
                0x20000000                SystemCoreClock
 .data.uwTickFreq
                0x20000004        0x4 cmake/stm32cubemx/CMakeFiles/STM32_Drivers.dir/__/__/Drivers/STM32G4xx_HAL_Driver/Src/stm32g4xx_hal.c.obj
                0x20000004                uwTickFreq
 .data.uwTickPrio
                0x20000008        0x4 cmake/stm32cubemx/CMakeFiles/STM32_Drivers.dir/__/__/Drivers/STM32G4xx_HAL_Driver/Src/stm32g4xx_hal.c.obj
                0x20000008                uwTickPrio
 *(.RamFunc)
 *(.RamFunc*)
                0x2000000c                        . = ALIGN (0x4)
                0x2000000c                        _edata = .

.tm_clone_table
                0x2000000c        0x0 load address 0x08003d08
 .tm_clone_table
                0x2000000c        0x0 D:/PROGRA~1/Compiler/ARM-GN~1.REL/bin/../lib/gcc/arm-none-eabi/13.3.1/thumb/v7e-m+fp/hard/crtbegin.o
 .tm_clone_table
                0x2000000c        0x0 D:/PROGRA~1/Compiler/ARM-GN~1.REL/bin/../lib/gcc/arm-none-eabi/13.3.1/thumb/v7e-m+fp/hard/crtend.o

.igot.plt       0x2000000c        0x0 load address 0x08003d08
 .igot.plt      0x2000000c        0x0 D:/PROGRA~1/Compiler/ARM-GN~1.REL/bin/../lib/gcc/arm-none-eabi/13.3.1/thumb/v7e-m+fp/hard/crtbegin.o
                0x2000000c                        . = ALIGN (0x4)

.bss            0x2000000c      0x3fc load address 0x08003d08
                0x2000000c                        _sbss = .
                0x2000000c                        __bss_start__ = _sbss
 *(.bss)
 *(.bss*)
 .bss.completed.1
                0x2000000c        0x1 D:/PROGRA~1/Compiler/ARM-GN~1.REL/bin/../lib/gcc/arm-none-eabi/13.3.1/thumb/v7e-m+fp/hard/crtbegin.o
 *fill*         0x2000000d        0x3 
 .bss.object.0  0x20000010       0x18 D:/PROGRA~1/Compiler/ARM-GN~1.REL/bin/../lib/gcc/arm-none-eabi/13.3.1/thumb/v7e-m+fp/hard/crtbegin.o
 .bss.uwTick    0x20000028        0x4 cmake/stm32cubemx/CMakeFiles/STM32_Drivers.dir/__/__/Drivers/STM32G4xx_HAL_Driver/Src/stm32g4xx_hal.c.obj
                0x20000028                uwTick
 .bss.HAL_RCC_ADC12_CLK_ENABLED
                0x2000002c        0x4 CMakeFiles/8518_DRV.dir/Core/Src/adc.c.obj
 .bss.hadc2     0x20000030       0x6c CMakeFiles/8518_DRV.dir/Core/Src/adc.c.obj
                0x20000030                hadc2
 .bss.hadc1     0x2000009c       0x6c CMakeFiles/8518_DRV.dir/Core/Src/adc.c.obj
                0x2000009c                hadc1
 .bss.hdac1     0x20000108       0x14 CMakeFiles/8518_DRV.dir/Core/Src/dac.c.obj
                0x20000108                hdac1
 .bss.hfdcan1   0x2000011c       0x64 CMakeFiles/8518_DRV.dir/Core/Src/fdcan.c.obj
                0x2000011c                hfdcan1
 .bss.hspi3     0x20000180       0x64 CMakeFiles/8518_DRV.dir/Core/Src/spi.c.obj
                0x20000180                hspi3
 .bss.hspi1     0x200001e4       0x64 CMakeFiles/8518_DRV.dir/Core/Src/spi.c.obj
                0x200001e4                hspi1
 .bss.htim3     0x20000248       0x4c CMakeFiles/8518_DRV.dir/Core/Src/tim.c.obj
                0x20000248                htim3
 .bss.htim1     0x20000294       0x4c CMakeFiles/8518_DRV.dir/Core/Src/tim.c.obj
                0x20000294                htim1
 .bss.huart1    0x200002e0       0x94 CMakeFiles/8518_DRV.dir/Core/Src/usart.c.obj
                0x200002e0                huart1
 .bss.huart4    0x20000374       0x94 CMakeFiles/8518_DRV.dir/Core/Src/usart.c.obj
                0x20000374                huart4
 *(COMMON)
                0x20000408                        . = ALIGN (0x4)
                0x20000408                        _ebss = .
                0x20000408                        __bss_end__ = _ebss

._user_heap_stack
                0x20000408     0x6000 load address 0x08003d08
                0x20000408                        . = ALIGN (0x8)
                [!provide]                        PROVIDE (end = .)
                0x20000408                        PROVIDE (_end = .)
                0x20002408                        . = (. + _Min_Heap_Size)
 *fill*         0x20000408     0x2000 
                0x20006408                        . = (. + _Min_Stack_Size)
 *fill*         0x20002408     0x4000 
                0x20006408                        . = ALIGN (0x8)

/DISCARD/
 libc.a(*)
 libm.a(*)
 libgcc.a(*)
OUTPUT(8518_DRV.elf elf32-littlearm)
LOAD linker stubs
LOAD D:/PROGRA~1/Compiler/ARM-GN~1.REL/bin/../lib/gcc/arm-none-eabi/13.3.1/thumb/v7e-m+fp/hard\libc.a
LOAD D:/PROGRA~1/Compiler/ARM-GN~1.REL/bin/../lib/gcc/arm-none-eabi/13.3.1/thumb/v7e-m+fp/hard\libm.a
LOAD D:/PROGRA~1/Compiler/ARM-GN~1.REL/bin/../lib/gcc/arm-none-eabi/13.3.1/thumb/v7e-m+fp/hard\libgcc.a

.ARM.attributes
                0x00000000       0x30
 .ARM.attributes
                0x00000000       0x22 D:/PROGRA~1/Compiler/ARM-GN~1.REL/bin/../lib/gcc/arm-none-eabi/13.3.1/thumb/v7e-m+fp/hard/crti.o
 .ARM.attributes
                0x00000022       0x34 D:/PROGRA~1/Compiler/ARM-GN~1.REL/bin/../lib/gcc/arm-none-eabi/13.3.1/thumb/v7e-m+fp/hard/crtbegin.o
 .ARM.attributes
                0x00000056       0x34 D:/PROGRA~1/Compiler/ARM-GN~1.REL/bin/../lib/gcc/arm-none-eabi/13.3.1/thumb/v7e-m+fp/hard\libc_nano.a(libc_a-memset.o)
 .ARM.attributes
                0x0000008a       0x34 D:/PROGRA~1/Compiler/ARM-GN~1.REL/bin/../lib/gcc/arm-none-eabi/13.3.1/thumb/v7e-m+fp/hard\libc_nano.a(libc_a-init.o)
 .ARM.attributes
                0x000000be       0x34 cmake/stm32cubemx/CMakeFiles/STM32_Drivers.dir/__/__/Core/Src/system_stm32g4xx.c.obj
 .ARM.attributes
                0x000000f2       0x34 cmake/stm32cubemx/CMakeFiles/STM32_Drivers.dir/__/__/Drivers/STM32G4xx_HAL_Driver/Src/stm32g4xx_hal_adc.c.obj
 .ARM.attributes
                0x00000126       0x34 cmake/stm32cubemx/CMakeFiles/STM32_Drivers.dir/__/__/Drivers/STM32G4xx_HAL_Driver/Src/stm32g4xx_hal_adc_ex.c.obj
 .ARM.attributes
                0x0000015a       0x34 cmake/stm32cubemx/CMakeFiles/STM32_Drivers.dir/__/__/Drivers/STM32G4xx_HAL_Driver/Src/stm32g4xx_hal.c.obj
 .ARM.attributes
                0x0000018e       0x34 cmake/stm32cubemx/CMakeFiles/STM32_Drivers.dir/__/__/Drivers/STM32G4xx_HAL_Driver/Src/stm32g4xx_hal_rcc.c.obj
 .ARM.attributes
                0x000001c2       0x34 cmake/stm32cubemx/CMakeFiles/STM32_Drivers.dir/__/__/Drivers/STM32G4xx_HAL_Driver/Src/stm32g4xx_hal_rcc_ex.c.obj
 .ARM.attributes
                0x000001f6       0x34 cmake/stm32cubemx/CMakeFiles/STM32_Drivers.dir/__/__/Drivers/STM32G4xx_HAL_Driver/Src/stm32g4xx_hal_gpio.c.obj
 .ARM.attributes
                0x0000022a       0x34 cmake/stm32cubemx/CMakeFiles/STM32_Drivers.dir/__/__/Drivers/STM32G4xx_HAL_Driver/Src/stm32g4xx_hal_pwr_ex.c.obj
 .ARM.attributes
                0x0000025e       0x34 cmake/stm32cubemx/CMakeFiles/STM32_Drivers.dir/__/__/Drivers/STM32G4xx_HAL_Driver/Src/stm32g4xx_hal_cortex.c.obj
 .ARM.attributes
                0x00000292       0x34 cmake/stm32cubemx/CMakeFiles/STM32_Drivers.dir/__/__/Drivers/STM32G4xx_HAL_Driver/Src/stm32g4xx_hal_dac.c.obj
 .ARM.attributes
                0x000002c6       0x34 cmake/stm32cubemx/CMakeFiles/STM32_Drivers.dir/__/__/Drivers/STM32G4xx_HAL_Driver/Src/stm32g4xx_hal_fdcan.c.obj
 .ARM.attributes
                0x000002fa       0x34 cmake/stm32cubemx/CMakeFiles/STM32_Drivers.dir/__/__/Drivers/STM32G4xx_HAL_Driver/Src/stm32g4xx_hal_spi.c.obj
 .ARM.attributes
                0x0000032e       0x34 cmake/stm32cubemx/CMakeFiles/STM32_Drivers.dir/__/__/Drivers/STM32G4xx_HAL_Driver/Src/stm32g4xx_hal_tim.c.obj
 .ARM.attributes
                0x00000362       0x34 cmake/stm32cubemx/CMakeFiles/STM32_Drivers.dir/__/__/Drivers/STM32G4xx_HAL_Driver/Src/stm32g4xx_hal_tim_ex.c.obj
 .ARM.attributes
                0x00000396       0x34 cmake/stm32cubemx/CMakeFiles/STM32_Drivers.dir/__/__/Drivers/STM32G4xx_HAL_Driver/Src/stm32g4xx_hal_uart.c.obj
 .ARM.attributes
                0x000003ca       0x34 cmake/stm32cubemx/CMakeFiles/STM32_Drivers.dir/__/__/Drivers/STM32G4xx_HAL_Driver/Src/stm32g4xx_hal_uart_ex.c.obj
 .ARM.attributes
                0x000003fe       0x34 CMakeFiles/8518_DRV.dir/Core/Src/main.c.obj
 .ARM.attributes
                0x00000432       0x34 CMakeFiles/8518_DRV.dir/Core/Src/gpio.c.obj
 .ARM.attributes
                0x00000466       0x34 CMakeFiles/8518_DRV.dir/Core/Src/adc.c.obj
 .ARM.attributes
                0x0000049a       0x34 CMakeFiles/8518_DRV.dir/Core/Src/dac.c.obj
 .ARM.attributes
                0x000004ce       0x34 CMakeFiles/8518_DRV.dir/Core/Src/fdcan.c.obj
 .ARM.attributes
                0x00000502       0x34 CMakeFiles/8518_DRV.dir/Core/Src/spi.c.obj
 .ARM.attributes
                0x00000536       0x34 CMakeFiles/8518_DRV.dir/Core/Src/tim.c.obj
 .ARM.attributes
                0x0000056a       0x34 CMakeFiles/8518_DRV.dir/Core/Src/usart.c.obj
 .ARM.attributes
                0x0000059e       0x34 CMakeFiles/8518_DRV.dir/Core/Src/stm32g4xx_it.c.obj
 .ARM.attributes
                0x000005d2       0x34 CMakeFiles/8518_DRV.dir/Core/Src/stm32g4xx_hal_msp.c.obj
 .ARM.attributes
                0x00000606       0x21 CMakeFiles/8518_DRV.dir/startup_stm32g431xx.s.obj
 .ARM.attributes
                0x00000627       0x22 D:/PROGRA~1/Compiler/ARM-GN~1.REL/bin/../lib/gcc/arm-none-eabi/13.3.1/thumb/v7e-m+fp/hard\libgcc.a(_aeabi_uldivmod.o)
 .ARM.attributes
                0x00000649       0x34 D:/PROGRA~1/Compiler/ARM-GN~1.REL/bin/../lib/gcc/arm-none-eabi/13.3.1/thumb/v7e-m+fp/hard\libgcc.a(_udivmoddi4.o)
 .ARM.attributes
                0x0000067d       0x22 D:/PROGRA~1/Compiler/ARM-GN~1.REL/bin/../lib/gcc/arm-none-eabi/13.3.1/thumb/v7e-m+fp/hard\libgcc.a(_dvmd_tls.o)
 .ARM.attributes
                0x0000069f       0x34 D:/PROGRA~1/Compiler/ARM-GN~1.REL/bin/../lib/gcc/arm-none-eabi/13.3.1/thumb/v7e-m+fp/hard/crtend.o
 .ARM.attributes
                0x000006d3       0x22 D:/PROGRA~1/Compiler/ARM-GN~1.REL/bin/../lib/gcc/arm-none-eabi/13.3.1/thumb/v7e-m+fp/hard/crtn.o

.comment        0x00000000       0x45
 .comment       0x00000000       0x45 cmake/stm32cubemx/CMakeFiles/STM32_Drivers.dir/__/__/Core/Src/system_stm32g4xx.c.obj
                                 0x46 (size before relaxing)
 .comment       0x00000045       0x46 cmake/stm32cubemx/CMakeFiles/STM32_Drivers.dir/__/__/Drivers/STM32G4xx_HAL_Driver/Src/stm32g4xx_hal_adc.c.obj
 .comment       0x00000045       0x46 cmake/stm32cubemx/CMakeFiles/STM32_Drivers.dir/__/__/Drivers/STM32G4xx_HAL_Driver/Src/stm32g4xx_hal_adc_ex.c.obj
 .comment       0x00000045       0x46 cmake/stm32cubemx/CMakeFiles/STM32_Drivers.dir/__/__/Drivers/STM32G4xx_HAL_Driver/Src/stm32g4xx_hal.c.obj
 .comment       0x00000045       0x46 cmake/stm32cubemx/CMakeFiles/STM32_Drivers.dir/__/__/Drivers/STM32G4xx_HAL_Driver/Src/stm32g4xx_hal_rcc.c.obj
 .comment       0x00000045       0x46 cmake/stm32cubemx/CMakeFiles/STM32_Drivers.dir/__/__/Drivers/STM32G4xx_HAL_Driver/Src/stm32g4xx_hal_rcc_ex.c.obj
 .comment       0x00000045       0x46 cmake/stm32cubemx/CMakeFiles/STM32_Drivers.dir/__/__/Drivers/STM32G4xx_HAL_Driver/Src/stm32g4xx_hal_gpio.c.obj
 .comment       0x00000045       0x46 cmake/stm32cubemx/CMakeFiles/STM32_Drivers.dir/__/__/Drivers/STM32G4xx_HAL_Driver/Src/stm32g4xx_hal_pwr_ex.c.obj
 .comment       0x00000045       0x46 cmake/stm32cubemx/CMakeFiles/STM32_Drivers.dir/__/__/Drivers/STM32G4xx_HAL_Driver/Src/stm32g4xx_hal_cortex.c.obj
 .comment       0x00000045       0x46 cmake/stm32cubemx/CMakeFiles/STM32_Drivers.dir/__/__/Drivers/STM32G4xx_HAL_Driver/Src/stm32g4xx_hal_dac.c.obj
 .comment       0x00000045       0x46 cmake/stm32cubemx/CMakeFiles/STM32_Drivers.dir/__/__/Drivers/STM32G4xx_HAL_Driver/Src/stm32g4xx_hal_fdcan.c.obj
 .comment       0x00000045       0x46 cmake/stm32cubemx/CMakeFiles/STM32_Drivers.dir/__/__/Drivers/STM32G4xx_HAL_Driver/Src/stm32g4xx_hal_spi.c.obj
 .comment       0x00000045       0x46 cmake/stm32cubemx/CMakeFiles/STM32_Drivers.dir/__/__/Drivers/STM32G4xx_HAL_Driver/Src/stm32g4xx_hal_tim.c.obj
 .comment       0x00000045       0x46 cmake/stm32cubemx/CMakeFiles/STM32_Drivers.dir/__/__/Drivers/STM32G4xx_HAL_Driver/Src/stm32g4xx_hal_tim_ex.c.obj
 .comment       0x00000045       0x46 cmake/stm32cubemx/CMakeFiles/STM32_Drivers.dir/__/__/Drivers/STM32G4xx_HAL_Driver/Src/stm32g4xx_hal_uart.c.obj
 .comment       0x00000045       0x46 cmake/stm32cubemx/CMakeFiles/STM32_Drivers.dir/__/__/Drivers/STM32G4xx_HAL_Driver/Src/stm32g4xx_hal_uart_ex.c.obj
 .comment       0x00000045       0x46 CMakeFiles/8518_DRV.dir/Core/Src/main.c.obj
 .comment       0x00000045       0x46 CMakeFiles/8518_DRV.dir/Core/Src/gpio.c.obj
 .comment       0x00000045       0x46 CMakeFiles/8518_DRV.dir/Core/Src/adc.c.obj
 .comment       0x00000045       0x46 CMakeFiles/8518_DRV.dir/Core/Src/dac.c.obj
 .comment       0x00000045       0x46 CMakeFiles/8518_DRV.dir/Core/Src/fdcan.c.obj
 .comment       0x00000045       0x46 CMakeFiles/8518_DRV.dir/Core/Src/spi.c.obj
 .comment       0x00000045       0x46 CMakeFiles/8518_DRV.dir/Core/Src/tim.c.obj
 .comment       0x00000045       0x46 CMakeFiles/8518_DRV.dir/Core/Src/usart.c.obj
 .comment       0x00000045       0x46 CMakeFiles/8518_DRV.dir/Core/Src/stm32g4xx_it.c.obj
 .comment       0x00000045       0x46 CMakeFiles/8518_DRV.dir/Core/Src/stm32g4xx_hal_msp.c.obj

.debug_frame    0x00000000       0xac
 .debug_frame   0x00000000       0x20 D:/PROGRA~1/Compiler/ARM-GN~1.REL/bin/../lib/gcc/arm-none-eabi/13.3.1/thumb/v7e-m+fp/hard\libc_nano.a(libc_a-memset.o)
 .debug_frame   0x00000020       0x2c D:/PROGRA~1/Compiler/ARM-GN~1.REL/bin/../lib/gcc/arm-none-eabi/13.3.1/thumb/v7e-m+fp/hard\libc_nano.a(libc_a-init.o)
 .debug_frame   0x0000004c       0x2c D:/PROGRA~1/Compiler/ARM-GN~1.REL/bin/../lib/gcc/arm-none-eabi/13.3.1/thumb/v7e-m+fp/hard\libgcc.a(_aeabi_uldivmod.o)
 .debug_frame   0x00000078       0x34 D:/PROGRA~1/Compiler/ARM-GN~1.REL/bin/../lib/gcc/arm-none-eabi/13.3.1/thumb/v7e-m+fp/hard\libgcc.a(_udivmoddi4.o)

.debug_line_str
                0x00000000       0xd5
 .debug_line_str
                0x00000000       0xd5 D:/PROGRA~1/Compiler/ARM-GN~1.REL/bin/../lib/gcc/arm-none-eabi/13.3.1/thumb/v7e-m+fp/hard\libgcc.a(_aeabi_uldivmod.o)
                                 0xc9 (size before relaxing)
 .debug_line_str
                0x000000d5       0xcd D:/PROGRA~1/Compiler/ARM-GN~1.REL/bin/../lib/gcc/arm-none-eabi/13.3.1/thumb/v7e-m+fp/hard\libgcc.a(_dvmd_tls.o)
